// Jest Snapshot v1, https://goo.gl/fbAQLP

exports[`CredentialsScreen should render correctly 1`] = `
<NativeBaseProvider
  initialWindowMetrics={
    Object {
      "frame": Object {
        "height": 0,
        "width": 0,
        "x": 0,
        "y": 0,
      },
      "insets": Object {
        "bottom": 0,
        "left": 0,
        "right": 0,
        "top": 0,
      },
    }
  }
>
  <CredentialStatus
    credential={
      Object {
        "@context": Array [
          "https://www.w3.org/2018/credentials/v1",
        ],
        "credentialSubject": Object {},
        "expirationDate": "2039-06-26T23:00:00.000Z",
        "id": "https://creds.dock.io/8e02c35ae370b02f47d7faaf41cb1386768fc75c9fca7caa6bb389dbe61260eb",
        "issuanceDate": "2022-06-27T12:08:30.675Z",
        "issuer": Object {
          "description": "",
          "id": "did:dock:5CJaTP2eGCLf5ZNPUXYbWxUvJQMTseKfc4hi8WVBC1K8eW9N",
          "logo": "",
          "name": "John Doe",
        },
        "type": Array [
          "VerifiableCredential",
          "UniversityDegreeCredential",
        ],
      }
    }
  />
</NativeBaseProvider>
`;
