// Jest Snapshot v1, https://goo.gl/fbAQLP

exports[`UnlockWalletScreen should render correctly 1`] = `
<StyledNativeComponent
  forwardedComponent={
    Object {
      "$$typeof": Symbol(react.forward_ref),
      "attrs": Array [],
      "inlineStyle": InlineStyle {
        "rules": Array [
          "
  background-color: ",
          "#18181B",
          ";
  flex: 1;
",
        ],
      },
      "render": [Function],
      "shouldForwardProp": undefined,
      "styledComponentId": "StyledNativeComponent",
      "target": Object {
        "$$typeof": Symbol(react.forward_ref),
        "render": [Function],
      },
      "withComponent": [Function],
    }
  }
  forwardedRef={null}
  testID="unlockWalletScreen"
>
  <Box
    justifyContent="center"
    row={true}
  >
    <Styled(Image)
      resizeMode="contain"
      source={
        Object {
          "testUri": "../../../src/assets/splash-logo.png",
        }
      }
      style={
        Object {
          "width": "57%",
        }
      }
    />
  </Box>
  <Styled(ScrollView)
    marginLeft={26}
    marginRight={26}
  >
    <PasscodeMask
      digits={6}
      filled={0}
      marginTop={20}
    />
    <Box
      alignItems="center"
    >
      <Styled(Component)
        marginTop={52}
        variant="h2"
      >
        Enter your passcode
      </Styled(Component)>
    </Box>
    <NumericKeyboard
      marginTop={50}
    />
    <Box
      alignItems="center"
      marginBottom={20}
    >
      <Styled(Component)
        variant="description"
      >
        Login with biometrics
      </Styled(Component)>
    </Box>
  </Styled(ScrollView)>
</StyledNativeComponent>
`;
