// Jest Snapshot v1, https://goo.gl/fbAQLP

exports[`AppSettingsScreen should render correctly 1`] = `
<StyledNativeComponent
  forwardedComponent={
    Object {
      "$$typeof": Symbol(react.forward_ref),
      "attrs": Array [],
      "inlineStyle": InlineStyle {
        "rules": Array [
          "
  background-color: ",
          "#18181B",
          ";
  flex: 1;
",
        ],
      },
      "render": [Function],
      "shouldForwardProp": undefined,
      "styledComponentId": "StyledNativeComponent",
      "target": Object {
        "$$typeof": Symbol(react.forward_ref),
        "render": [Function],
      },
      "withComponent": [Function],
    }
  }
  forwardedRef={null}
  testID="AccountDetailsScreen"
>
  <Styled(View)>
    <Box
      alignItems="center"
      flexDirection="row"
      marginLeft={1}
      marginRight={22}
    >
      <Memo(ForwardRef(Box))
        width="80px"
      >
        <BackButton />
      </Memo(ForwardRef(Box))>
      <Memo(ForwardRef(Box))
        alignContent="center"
        alignItems="center"
        flex={1}
        pl={15}
        width="100%"
      >
        <Styled(Component)
          variant="h3"
        >
          Settings
        </Styled(Component)>
      </Memo(ForwardRef(Box))>
      <Memo(ForwardRef(Box))
        alignItems="flex-end"
        width="80px"
      />
    </Box>
  </Styled(View)>
  <Styled(ScrollView)>
    <OptionList
      items={
        Array [
          Object {
            "icon": <SvgDownload />,
            "onPress": undefined,
            "testID": "backupWallet",
            "title": "Backup wallet",
          },
          Object {
            "icon": <SvgTrash />,
            "onPress": undefined,
            "testID": "deleteWallet",
            "title": "Delete wallet",
          },
        ]
      }
      mx={5}
    />
  </Styled(ScrollView)>
</StyledNativeComponent>
`;
