// Jest Snapshot v1, https://goo.gl/fbAQLP

exports[`CreatePasscodeScreen should render correctly 1`] = `
<StyledNativeComponent
  forwardedComponent={
    Object {
      "$$typeof": Symbol(react.forward_ref),
      "attrs": Array [],
      "inlineStyle": InlineStyle {
        "rules": Array [
          "
  background-color: ",
          "#18181B",
          ";
  flex: 1;
",
        ],
      },
      "render": [Function],
      "shouldForwardProp": undefined,
      "styledComponentId": "StyledNativeComponent",
      "target": Object {
        "$$typeof": Symbol(react.forward_ref),
        "render": [Function],
      },
      "withComponent": [Function],
    }
  }
  forwardedRef={null}
  testID="createPasscodeScreen"
>
  <Styled(View)>
    <BackButton />
  </Styled(View)>
  <Styled(ScrollView)
    marginLeft={26}
    marginRight={26}
  >
    <PasscodeMask
      digits={6}
      filled={2}
      marginTop={59}
    />
    <Box
      alignItems="center"
    >
      <Styled(Component)
        marginTop={52}
        variant="h2"
      >
        Create your passcode
      </Styled(Component)>
    </Box>
    <NumericKeyboard
      marginTop={85}
    />
  </Styled(ScrollView)>
</StyledNativeComponent>
`;
