// Jest Snapshot v1, https://goo.gl/fbAQLP

exports[`BuyDockScreenScreen should render correctly 1`] = `
<RNCSafeAreaView
  style={
    Object {
      "backgroundColor": "#18181B",
      "flex": 1,
    }
  }
  testID="BuyDockScreenScreen"
>
  <AppGlobalHeader />
  <Memo(ForwardRef(Box))
    flex={1}
  >
    <Memo(ForwardRef(Box))
      flex={1}
    >
      <TransakPaymentProvider
        walletAddress="3C7Hq5jQGxeYzL7LnVASn48tEfr6D7yKtNYSuXcgioQoWWsB"
      />
    </Memo(ForwardRef(Box))>
  </Memo(ForwardRef(Box))>
</RNCSafeAreaView>
`;
