// Jest Snapshot v1, https://goo.gl/fbAQLP

exports[`ReceiveTokensScreen should render correctly 1`] = `
<RNCSafeAreaView
  style={
    Object {
      "backgroundColor": "#18181B",
      "flex": 1,
    }
  }
  testID="unlockWalletScreen"
>
  <AppGlobalHeader />
  <Styled(View)>
    <BackButton />
  </Styled(View)>
  <Memo(ForwardRef(Stack))
    alignItems="center"
  >
    <Styled(Component)
      mb={2}
      variant="h1"
    >
      Receive DOCK
    </Styled(Component)>
    <Styled(Component)
      variant="screen-description"
    >
      Share your address
    </Styled(Component)>
  </Memo(ForwardRef(Stack))>
  <Styled(ScrollView)
    marginLeft={26}
    marginRight={26}
  >
    <Memo(ForwardRef(Stack))
      alignItems="center"
      bg="#27272A"
      borderRadius={12}
      my={7}
      p={5}
    >
      <Memo(ForwardRef(Stack))
        bg="#fff"
        p={2}
      >
        <QRCode
          size={525}
          value="3B9W5fS4ygoUVnGhzTk7sihSdhCyJQRNMQ7aJfDdsfWb16f1"
        />
      </Memo(ForwardRef(Stack))>
      <Memo(ForwardRef(Stack))
        alignItems="center"
        direction="row"
        flex={1}
        pt={5}
      >
        <Memo(ForwardRef(Box))
          pr={2}
        />
        <Memo(ForwardRef(Stack))
          alignItems="flex-start"
          direction="column"
          flex={1}
        >
          <Styled(Component)
            variant="h3"
          />
          <Styled(Component)>
            3B9W5fS4y...DdsfWb16f1
          </Styled(Component)>
        </Memo(ForwardRef(Stack))>
      </Memo(ForwardRef(Stack))>
    </Memo(ForwardRef(Stack))>
    <Memo(ForwardRef(Stack))>
      <Button
        colorScheme="tertiary"
        mb={4}
      >
        Copy address
      </Button>
      <Button
        colorScheme="tertiary"
      >
        Share address
      </Button>
    </Memo(ForwardRef(Stack))>
  </Styled(ScrollView)>
</RNCSafeAreaView>
`;
