// Jest Snapshot v1, https://goo.gl/fbAQLP

exports[`CredentialsScreen should render correctly 1`] = `
<RNCSafeAreaView
  accessibilityLabel="CredentialsScreen"
  style={
    Object {
      "backgroundColor": "#000",
      "flex": 1,
    }
  }
  testID="CredentialsScreen"
>
  <AppGlobalHeader />
  <Memo(ForwardRef(Box))
    flex={1}
  >
    <Memo(ForwardRef(Box))
      flex={1}
    >
      <Styled(View)>
        <Box
          alignItems="center"
          flexDirection="row"
          marginLeft={22}
          marginRight={22}
        >
          <Box
            flex={1}
          >
            <Styled(Component)
              fontFamily="Montserrat"
              fontSize={24}
              fontWeight="600"
            >
              Credentials
            </Styled(Component)>
          </Box>
          <Box
            row={true}
          >
            <IconButton
              col={true}
              onPress={[Function]}
            >
              <SvgFile />
            </IconButton>
          </Box>
        </Box>
      </Styled(View)>
      <Styled(ScrollView)>
        <EmptyCredentials
          mt="50%"
        />
      </Styled(ScrollView)>
    </Memo(ForwardRef(Box))>
    <Memo(ForwardRef(Box))
      flex={1}
      flexGrow={0.11}
    >
      <TabNavigation />
    </Memo(ForwardRef(Box))>
  </Memo(ForwardRef(Box))>
</RNCSafeAreaView>
`;
